   ▲ Next.js 15.5.9
   - Environments: .env

   Creating an optimized production build ...
Failed to compile.

./components/ui/light-pillar.tsx
Error:   [31mx[0m Unexpected eof
     ,-[[36;1;4mC:\Users\felip\projetos\portfolio-2026\components\ui\light-pillar.tsx[0m:343:29]
 [2m341[0m | };
 [2m342[0m | 
 [2m343[0m | export default LightPillar;
     `----

Caused by:
    Syntax Error

Import trace for requested module:
./components/ui/light-pillar.tsx
./components/home/hero-section.tsx
./app/page.tsx


> Build failed because of webpack errors
